active_path	archive_path	restore_kind	link_target	mode	sha256	canonical_replacement
train_multitask_colour_ablation.py	legacy/compatibility/root/train_multitask_colour_ablation.py	copy	-	664	b555e11265c78c1bc1b8c825f62225b7d0eaffb88802121a1b1e7490fadb2825	python train.py with explicit colour-ablation configuration
train_multitask_cue_suppression.py	legacy/compatibility/root/train_multitask_cue_suppression.py	copy	-	664	4b66c665bb214d7e9794d4b54e2630ef0d22d9284ecdd67312ce55f259fd3798	python train.py with explicit matched-condition and stress-test configuration
train_multitask_masked.py	legacy/compatibility/root/train_multitask_masked.py	copy	-	664	051749f72c73eb0e0e93d28bcd4a4ec6eff1d80a10e815793ce57d73b99ce2ec	python train.py with training.use_masked_labels enabled
train_multitask_masked_hloss.py	legacy/compatibility/root/train_multitask_masked_hloss.py	copy	-	664	2ca92ae9123dc4492d2da6d3656d0f637453d1eedfe33e56662277066b76d8f4	python train.py with hierarchy loss enabled
train_multitask_masked_hloss_wandb.py	legacy/compatibility/root/train_multitask_masked_hloss_wandb.py	copy	-	664	99618352568db946b0c5f321665cc7806e16d5e2ad578379a67fe4ddb3de1e20	python train.py with hierarchy loss and W&B enabled
generate_dual_cue_run_specs.py	legacy/compatibility/root/generate_dual_cue_run_specs.py	copy	-	664	21537cb2bffdd6bba7cb81aefc74ad038c01b87a280bdb34357f1a39cd509901	python -m worm_species.slurm dry-run
collect_dual_cue_results.py	legacy/compatibility/root/collect_dual_cue_results.py	copy	-	664	4a31f78cb57d18d4a4f78bfde7381cca3db9d9a28450c00db5ecc461555b3315	python -m worm_species.slurm collect
scripts/training/__init__.py	legacy/compatibility/scripts/training/__init__.py	copy	-	664	d2561eae103d8ddff5e79b5fa1b5b0c53b201d4388d9878e44fabd8460fe2530	worm_species.training
scripts/training/generate_dual_cue_run_specs.py	legacy/compatibility/scripts/training/generate_dual_cue_run_specs.py	copy	-	664	81e2beab863c55fbba90b6fc10900ddae103a9f10ad579dadc6ad2f0a68ce492	worm_species.experiments.run_specs
scripts/training/train_multitask_colour_ablation.py	legacy/compatibility/scripts/training/train_multitask_colour_ablation.py	copy	-	664	4b7b481bc62a6b2a13cbcfd8bbfcd77f9d97427d2ba308195535d4e79a4dec60	worm_species.training
scripts/training/train_multitask_cue_suppression.py	legacy/compatibility/scripts/training/train_multitask_cue_suppression.py	copy	-	664	f378e5c4411b9663e7a10c4f2c187f68b4ac6861b31be42f63854b6d43294240	worm_species.training
scripts/training/train_multitask_masked.py	legacy/compatibility/scripts/training/train_multitask_masked.py	copy	-	664	4f6e205524197bd36ac2b22164ed6791c09261c3ceaf54478b1bbfb212729363	worm_species.training
scripts/training/train_multitask_masked_hloss.py	legacy/compatibility/scripts/training/train_multitask_masked_hloss.py	copy	-	664	ed4935164807b3831ca7fd43b8086d4a203d7f6532e0a0128b9fb6fb43ca12c2	worm_species.training
scripts/training/train_multitask_masked_hloss_wandb.py	legacy/compatibility/scripts/training/train_multitask_masked_hloss_wandb.py	copy	-	664	b7a3cbb57209d790ec0ce19da16b564bcec88f9dae5d2d43cdecf1a38fabc8c6	worm_species.training
scripts/maintenance/__init__.py	legacy/compatibility/scripts/maintenance/__init__.py	copy	-	664	4a40e5bc3df137a85f9b44c182f18bd549ff717ecf0aed77483f2dfac7aeaa3a	worm_species.slurm.collection
scripts/maintenance/collect_dual_cue_results.py	legacy/compatibility/scripts/maintenance/collect_dual_cue_results.py	copy	-	664	4204f1fba834fd102e547d30e9577ca6f6cb00ff4f76393e72979805d9af5b0c	worm_species.slurm.collection
src/dataset_multitask.py	legacy/compatibility/src/dataset_multitask.py	copy	-	664	f0a73ed95eee4e1aec514c49dda6a85abf4733b723edb864454693a4e58f744d	worm_species.data
src/models.py	legacy/compatibility/src/models.py	copy	-	664	a68cc77a6f0699999de490a1f581140cc7deda82938821862ed139884373f786	worm_species.models
src/generate_sweep_run_specs.py	legacy/compatibility/src/generate_sweep_run_specs.py	copy	-	755	cb70121f69e79c224cc88af4b20d6662d2b6f9756c645780c3af2d1acbfd8926	worm_species.slurm.planning
scripts/slurm/01_build_persistent_cache_resolved.sh	legacy/slurm/01_build_persistent_cache_resolved.sh	symlink	../../legacy/slurm/01_build_persistent_cache_resolved.sh	-	d4bd31dca0490458d273358de4719eaed3260589e4b725be620c555ae0d152ec	legacy cache maintenance
01_build_persistent_cache_resolved.sh	legacy/slurm/01_build_persistent_cache_resolved.sh	symlink	scripts/slurm/01_build_persistent_cache_resolved.sh	-	d4bd31dca0490458d273358de4719eaed3260589e4b725be620c555ae0d152ec	legacy cache maintenance
scripts/slurm/02_submit_sweep_cache_to_tmp_resolved.sh	legacy/slurm/02_submit_sweep_cache_to_tmp_resolved.sh	symlink	../../legacy/slurm/02_submit_sweep_cache_to_tmp_resolved.sh	-	6f1e551a47f3d106e869550386803a652ff7a910a0c4c319306058a60945c67e	python -m worm_species.slurm submit
02_submit_sweep_cache_to_tmp_resolved.sh	legacy/slurm/02_submit_sweep_cache_to_tmp_resolved.sh	symlink	scripts/slurm/02_submit_sweep_cache_to_tmp_resolved.sh	-	6f1e551a47f3d106e869550386803a652ff7a910a0c4c319306058a60945c67e	python -m worm_species.slurm submit
scripts/slurm/run_persistent_cache_sweep_wandb.sh	legacy/slurm/run_persistent_cache_sweep_wandb.sh	symlink	../../legacy/slurm/run_persistent_cache_sweep_wandb.sh	-	6ac4cc85b90c3205650723325641036bce15e51bb34e82a09c54bf817986c729	python -m worm_species.slurm submit
run_persistent_cache_sweep_wandb.sh	legacy/slurm/run_persistent_cache_sweep_wandb.sh	symlink	scripts/slurm/run_persistent_cache_sweep_wandb.sh	-	6ac4cc85b90c3205650723325641036bce15e51bb34e82a09c54bf817986c729	python -m worm_species.slurm submit
scripts/slurm/submit_colour_ablation_sweep.sh	legacy/slurm/submit_colour_ablation_sweep.sh	symlink	../../legacy/slurm/submit_colour_ablation_sweep.sh	-	808e0823340182f34970739f8ae0a2fdf8c8e0b122d212cf58afd8e7ff9289af	make submit CONFIG=configs/experiments/colour_ablation.yaml
submit_colour_ablation_sweep.sh	legacy/slurm/submit_colour_ablation_sweep.sh	symlink	scripts/slurm/submit_colour_ablation_sweep.sh	-	808e0823340182f34970739f8ae0a2fdf8c8e0b122d212cf58afd8e7ff9289af	make submit CONFIG=configs/experiments/colour_ablation.yaml
scripts/slurm/submit_dual_cue_experiment.sh	legacy/slurm/submit_dual_cue_experiment.sh	symlink	../../legacy/slurm/submit_dual_cue_experiment.sh	-	dda1a3c3c51448a742472f44a96156a4ae472c50d609361f289cb596190a735f	make submit CONFIG=configs/experiments/dual_cue.yaml
submit_dual_cue_experiment.sh	legacy/slurm/submit_dual_cue_experiment.sh	symlink	scripts/slurm/submit_dual_cue_experiment.sh	-	dda1a3c3c51448a742472f44a96156a4ae472c50d609361f289cb596190a735f	make submit CONFIG=configs/experiments/dual_cue.yaml
scripts/slurm/submit_dual_cue_experiment_genome.sh	legacy/slurm/submit_dual_cue_experiment_genome.sh	symlink	../../legacy/slurm/submit_dual_cue_experiment_genome.sh	-	7d626bb136b381370a8702f15c8ee1b7d1713454781d2a2ba3fde27a33ac89f3	make submit CONFIG=configs/experiments/dual_cue.yaml CLUSTER=configs/clusters/genome.yaml
submit_dual_cue_experiment_genome.sh	legacy/slurm/submit_dual_cue_experiment_genome.sh	symlink	scripts/slurm/submit_dual_cue_experiment_genome.sh	-	7d626bb136b381370a8702f15c8ee1b7d1713454781d2a2ba3fde27a33ac89f3	make submit CONFIG=configs/experiments/dual_cue.yaml CLUSTER=configs/clusters/genome.yaml
scripts/slurm/submit_worm_node_local_scratch_sweep.sh	legacy/slurm/submit_worm_node_local_scratch_sweep.sh	symlink	../../legacy/slurm/submit_worm_node_local_scratch_sweep.sh	-	1083f1bc033af02246a473caee98bdb09a772626a4ecbdd03ba91e2360a7daf0	make submit CONFIG=configs/experiments/standard.yaml
submit_worm_node_local_scratch_sweep.sh	legacy/slurm/submit_worm_node_local_scratch_sweep.sh	symlink	scripts/slurm/submit_worm_node_local_scratch_sweep.sh	-	1083f1bc033af02246a473caee98bdb09a772626a4ecbdd03ba91e2360a7daf0	make submit CONFIG=configs/experiments/standard.yaml
scripts/slurm/submit_worm_node_local_scratch_sweep_hloss.sh	legacy/slurm/submit_worm_node_local_scratch_sweep_hloss.sh	symlink	../../legacy/slurm/submit_worm_node_local_scratch_sweep_hloss.sh	-	545d6a250517d67c6eb0b70bffeea28680f43d40f6ee46fb680ede99f59f7170	make submit CONFIG=configs/experiments/standard.yaml with hierarchy loss enabled
submit_worm_node_local_scratch_sweep_hloss.sh	legacy/slurm/submit_worm_node_local_scratch_sweep_hloss.sh	symlink	scripts/slurm/submit_worm_node_local_scratch_sweep_hloss.sh	-	545d6a250517d67c6eb0b70bffeea28680f43d40f6ee46fb680ede99f59f7170	make submit CONFIG=configs/experiments/standard.yaml with hierarchy loss enabled
configs/config_old.yaml	legacy/configs/config_old.yaml	symlink	../legacy/configs/config_old.yaml	-	2db60ec34d8b4bdb7c6d8247917c5aba7e189c0cc47107c8eb9d622d57ab4bc5	config.yaml and configs/experiments plus configs/clusters
config_old.yaml	legacy/configs/config_old.yaml	symlink	configs/config_old.yaml	-	2db60ec34d8b4bdb7c6d8247917c5aba7e189c0cc47107c8eb9d622d57ab4bc5	config.yaml and configs/experiments plus configs/clusters
slurm/templates/colour_collector_job.sh.tmpl	legacy/slurm/templates/colour_collector_job.sh.tmpl	copy	-	664	e3d5f5bb881bc431e16cbc51824b0ebe7ce9bea0ccf243171d597f07686bbb06	result_collector_job.sh.tmpl with worm_species.slurm collect
slurm/templates/node_local_colour_array_job.sh.tmpl	legacy/slurm/templates/node_local_colour_array_job.sh.tmpl	copy	-	664	9703ac98dd52dc4de72771decd5ecbc0de4db4f2f19ed859ce7e530d5ea2b19f	node_local_array_job.sh.tmpl
slurm/templates/node_local_cue_array_job.sh.tmpl	legacy/slurm/templates/node_local_cue_array_job.sh.tmpl	copy	-	664	1111cdbcc6c194ec9a09fbdae9947f6c80824ada07e03342384e699537a88163	node_local_array_job.sh.tmpl
slurm/templates/node_local_training_array_job.sh.tmpl	legacy/slurm/templates/node_local_training_array_job.sh.tmpl	copy	-	664	fdc209bc60d64d65e76b98d398310f190100f00ec296e40d0179385e87c08cc3	node_local_array_job.sh.tmpl
slurm/templates/persistent_cache_wandb_array_job.sh.tmpl	legacy/slurm/templates/persistent_cache_wandb_array_job.sh.tmpl	copy	-	664	7cc9eb795a61712686f15a75f0e4bc503b2139db8fe0846ad1b0c8e04a716c31	persistent_cache_array_job.sh.tmpl with W&B exports
